// Jest Snapshot v1, https://goo.gl/fbAQLP

exports[`Pruebas en PrimeraApp debe mostrar <PrimetaApp/> correctamente  1`] = `
<Fragment>
  <h1>
     
    Hola, Soy Goku
     
  </h1>
  <p>
    Soy un subt√≠tulo
  </p>
</Fragment>
`;
